Archive member included to satisfy reference by file (symbol)

C:/ST/STM32CubeIDE_1.14.0/STM32CubeIDE/plugins/com.st.stm32cube.ide.mcu.externaltools.gnu-tools-for-stm32.12.3.rel1.win32_1.1.0.202410251130/tools/bin/../lib/gcc/arm-none-eabi/12.3.1/../../../../arm-none-eabi/lib/thumb/v7e-m+fp/hard\libc_nano.a(libc_a-exit.o)
                              C:/ST/STM32CubeIDE_1.14.0/STM32CubeIDE/plugins/com.st.stm32cube.ide.mcu.externaltools.gnu-tools-for-stm32.12.3.rel1.win32_1.1.0.202410251130/tools/bin/../lib/gcc/arm-none-eabi/12.3.1/../../../../arm-none-eabi/lib/thumb/v7e-m+fp/hard/crt0.o (exit)
C:/ST/STM32CubeIDE_1.14.0/STM32CubeIDE/plugins/com.st.stm32cube.ide.mcu.externaltools.gnu-tools-for-stm32.12.3.rel1.win32_1.1.0.202410251130/tools/bin/../lib/gcc/arm-none-eabi/12.3.1/../../../../arm-none-eabi/lib/thumb/v7e-m+fp/hard\libc_nano.a(libc_a-findfp.o)
                              C:/ST/STM32CubeIDE_1.14.0/STM32CubeIDE/plugins/com.st.stm32cube.ide.mcu.externaltools.gnu-tools-for-stm32.12.3.rel1.win32_1.1.0.202410251130/tools/bin/../lib/gcc/arm-none-eabi/12.3.1/../../../../arm-none-eabi/lib/thumb/v7e-m+fp/hard\libc_nano.a(libc_a-exit.o) (__stdio_exit_handler)
C:/ST/STM32CubeIDE_1.14.0/STM32CubeIDE/plugins/com.st.stm32cube.ide.mcu.externaltools.gnu-tools-for-stm32.12.3.rel1.win32_1.1.0.202410251130/tools/bin/../lib/gcc/arm-none-eabi/12.3.1/../../../../arm-none-eabi/lib/thumb/v7e-m+fp/hard\libc_nano.a(libc_a-fwalk.o)
                              C:/ST/STM32CubeIDE_1.14.0/STM32CubeIDE/plugins/com.st.stm32cube.ide.mcu.externaltools.gnu-tools-for-stm32.12.3.rel1.win32_1.1.0.202410251130/tools/bin/../lib/gcc/arm-none-eabi/12.3.1/../../../../arm-none-eabi/lib/thumb/v7e-m+fp/hard\libc_nano.a(libc_a-findfp.o) (_fwalk_sglue)
C:/ST/STM32CubeIDE_1.14.0/STM32CubeIDE/plugins/com.st.stm32cube.ide.mcu.externaltools.gnu-tools-for-stm32.12.3.rel1.win32_1.1.0.202410251130/tools/bin/../lib/gcc/arm-none-eabi/12.3.1/../../../../arm-none-eabi/lib/thumb/v7e-m+fp/hard\libc_nano.a(libc_a-stdio.o)
                              C:/ST/STM32CubeIDE_1.14.0/STM32CubeIDE/plugins/com.st.stm32cube.ide.mcu.externaltools.gnu-tools-for-stm32.12.3.rel1.win32_1.1.0.202410251130/tools/bin/../lib/gcc/arm-none-eabi/12.3.1/../../../../arm-none-eabi/lib/thumb/v7e-m+fp/hard\libc_nano.a(libc_a-findfp.o) (__sread)
C:/ST/STM32CubeIDE_1.14.0/STM32CubeIDE/plugins/com.st.stm32cube.ide.mcu.externaltools.gnu-tools-for-stm32.12.3.rel1.win32_1.1.0.202410251130/tools/bin/../lib/gcc/arm-none-eabi/12.3.1/../../../../arm-none-eabi/lib/thumb/v7e-m+fp/hard\libc_nano.a(libc_a-memset.o)
                              C:/ST/STM32CubeIDE_1.14.0/STM32CubeIDE/plugins/com.st.stm32cube.ide.mcu.externaltools.gnu-tools-for-stm32.12.3.rel1.win32_1.1.0.202410251130/tools/bin/../lib/gcc/arm-none-eabi/12.3.1/../../../../arm-none-eabi/lib/thumb/v7e-m+fp/hard/crt0.o (memset)
C:/ST/STM32CubeIDE_1.14.0/STM32CubeIDE/plugins/com.st.stm32cube.ide.mcu.externaltools.gnu-tools-for-stm32.12.3.rel1.win32_1.1.0.202410251130/tools/bin/../lib/gcc/arm-none-eabi/12.3.1/../../../../arm-none-eabi/lib/thumb/v7e-m+fp/hard\libc_nano.a(libc_a-closer.o)
                              C:/ST/STM32CubeIDE_1.14.0/STM32CubeIDE/plugins/com.st.stm32cube.ide.mcu.externaltools.gnu-tools-for-stm32.12.3.rel1.win32_1.1.0.202410251130/tools/bin/../lib/gcc/arm-none-eabi/12.3.1/../../../../arm-none-eabi/lib/thumb/v7e-m+fp/hard\libc_nano.a(libc_a-stdio.o) (_close_r)
C:/ST/STM32CubeIDE_1.14.0/STM32CubeIDE/plugins/com.st.stm32cube.ide.mcu.externaltools.gnu-tools-for-stm32.12.3.rel1.win32_1.1.0.202410251130/tools/bin/../lib/gcc/arm-none-eabi/12.3.1/../../../../arm-none-eabi/lib/thumb/v7e-m+fp/hard\libc_nano.a(libc_a-reent.o)
                              C:/ST/STM32CubeIDE_1.14.0/STM32CubeIDE/plugins/com.st.stm32cube.ide.mcu.externaltools.gnu-tools-for-stm32.12.3.rel1.win32_1.1.0.202410251130/tools/bin/../lib/gcc/arm-none-eabi/12.3.1/../../../../arm-none-eabi/lib/thumb/v7e-m+fp/hard\libc_nano.a(libc_a-closer.o) (errno)
C:/ST/STM32CubeIDE_1.14.0/STM32CubeIDE/plugins/com.st.stm32cube.ide.mcu.externaltools.gnu-tools-for-stm32.12.3.rel1.win32_1.1.0.202410251130/tools/bin/../lib/gcc/arm-none-eabi/12.3.1/../../../../arm-none-eabi/lib/thumb/v7e-m+fp/hard\libc_nano.a(libc_a-impure.o)
                              C:/ST/STM32CubeIDE_1.14.0/STM32CubeIDE/plugins/com.st.stm32cube.ide.mcu.externaltools.gnu-tools-for-stm32.12.3.rel1.win32_1.1.0.202410251130/tools/bin/../lib/gcc/arm-none-eabi/12.3.1/../../../../arm-none-eabi/lib/thumb/v7e-m+fp/hard\libc_nano.a(libc_a-reent.o) (_impure_ptr)
C:/ST/STM32CubeIDE_1.14.0/STM32CubeIDE/plugins/com.st.stm32cube.ide.mcu.externaltools.gnu-tools-for-stm32.12.3.rel1.win32_1.1.0.202410251130/tools/bin/../lib/gcc/arm-none-eabi/12.3.1/../../../../arm-none-eabi/lib/thumb/v7e-m+fp/hard\libc_nano.a(libc_a-lseekr.o)
[...]
Memory Configuration

Name             Origin             Length             Attributes
RAM              0x20000000         0x00020000         xrw
FLASH            0x08000000         0x00080000         xr
*default*        0x00000000         0xffffffff

Linker script and memory map

LOAD C:/ST/STM32CubeIDE_1.14.0/STM32CubeIDE/plugins/com.st.stm32cube.ide.mcu.externaltools.gnu-tools-for-stm32.12.3.rel1.win32_1.1.0.202410251130/tools/bin/../lib/gcc/arm-none-eabi/12.3.1/thumb/v7e-m+fp/hard/crti.o
LOAD C:/ST/STM32CubeIDE_1.14.0/STM32CubeIDE/plugins/com.st.stm32cube.ide.mcu.externaltools.gnu-tools-for-stm32.12.3.rel1.win32_1.1.0.202410251130/tools/bin/../lib/gcc/arm-none-eabi/12.3.1/thumb/v7e-m+fp/hard/crtbegin.o
LOAD C:/ST/STM32CubeIDE_1.14.0/STM32CubeIDE/plugins/com.st.stm32cube.ide.mcu.externaltools.gnu-tools-for-stm32.12.3.rel1.win32_1.1.0.202410251130/tools/bin/../lib/gcc/arm-none-eabi/12.3.1/../../../../arm-none-eabi/lib/thumb/v7e-m+fp/hard/crt0.o
LOAD ./Application/User/Core/main.o
LOAD ./Application/User/Core/stm32g4xx_hal_msp.o
LOAD ./Application/User/Core/stm32g4xx_hal_timebase_tim.o
LOAD ./Application/User/Core/stm32g4xx_it.o
LOAD ./Application/User/Core/syscalls.o
LOAD ./Application/User/Core/sysmem.o
LOAD ./Application/User/Startup/startup_stm32g474retx.o
LOAD ./Drivers/CMSIS/system_stm32g4xx.o
LOAD ./Drivers/STM32G4xx_HAL_Driver/stm32g4xx_hal.o
LOAD ./Drivers/STM32G4xx_HAL_Driver/stm32g4xx_hal_cortex.o
LOAD ./Drivers/STM32G4xx_HAL_Driver/stm32g4xx_hal_dma.o
LOAD ./Drivers/STM32G4xx_HAL_Driver/stm32g4xx_hal_dma_ex.o
LOAD ./Drivers/STM32G4xx_HAL_Driver/stm32g4xx_hal_exti.o
LOAD ./Drivers/STM32G4xx_HAL_Driver/stm32g4xx_hal_flash.o
LOAD ./Drivers/STM32G4xx_HAL_Driver/stm32g4xx_hal_flash_ex.o
LOAD ./Drivers/STM32G4xx_HAL_Driver/stm32g4xx_hal_flash_ramfunc.o
LOAD ./Drivers/STM32G4xx_HAL_Driver/stm32g4xx_hal_gpio.o
LOAD ./Drivers/STM32G4xx_HAL_Driver/stm32g4xx_hal_pwr.o
LOAD ./Drivers/STM32G4xx_HAL_Driver/stm32g4xx_hal_pwr_ex.o
LOAD ./Drivers/STM32G4xx_HAL_Driver/stm32g4xx_hal_rcc.o
LOAD ./Drivers/STM32G4xx_HAL_Driver/stm32g4xx_hal_rcc_ex.o
LOAD ./Drivers/STM32G4xx_HAL_Driver/stm32g4xx_hal_tim.o
LOAD ./Drivers/STM32G4xx_HAL_Driver/stm32g4xx_hal_tim_ex.o
LOAD ./Drivers/STM32G4xx_HAL_Driver/stm32g4xx_ll_adc.o
LOAD ./Drivers/STM32G4xx_HAL_Driver/stm32g4xx_ll_dma.o
LOAD ./Drivers/STM32G4xx_HAL_Driver/stm32g4xx_ll_exti.o
LOAD ./Drivers/STM32G4xx_HAL_Driver/stm32g4xx_ll_gpio.o
LOAD ./Drivers/STM32G4xx_HAL_Driver/stm32g4xx_ll_lpuart.o
LOAD ./Drivers/STM32G4xx_HAL_Driver/stm32g4xx_ll_rcc.o
LOAD ./Drivers/STM32G4xx_HAL_Driver/stm32g4xx_ll_utils.o
START GROUP
LOAD C:/ST/STM32CubeIDE_1.14.0/STM32CubeIDE/plugins/com.st.stm32cube.ide.mcu.externaltools.gnu-tools-for-stm32.12.3.rel1.win32_1.1.0.202410251130/tools/bin/../lib/gcc/arm-none-eabi/12.3.1/../../../../arm-none-eabi/lib/thumb/v7e-m+fp/hard\libc_nano.a
LOAD C:/ST/STM32CubeIDE_1.14.0/STM32CubeIDE/plugins/com.st.stm32cube.ide.mcu.externaltools.gnu-tools-for-stm32.12.3.rel1.win32_1.1.0.202410251130/tools/bin/../lib/gcc/arm-none-eabi/12.3.1/../../../../arm-none-eabi/lib/thumb/v7e-m+fp/hard\libm.a
END GROUP
START GROUP
LOAD C:/ST/STM32CubeIDE_1.14.0/STM32CubeIDE/plugins/com.st.stm32cube.ide.mcu.externaltools.gnu-tools-for-stm32.12.3.rel1.win32_1.1.0.202410251130/tools/bin/../lib/gcc/arm-none-eabi/12.3.1/thumb/v7e-m+fp/hard\libgcc.a
LOAD C:/ST/STM32CubeIDE_1.14.0/STM32CubeIDE/plugins/com.st.stm32cube.ide.mcu.externaltools.gnu-tools-for-stm32.12.3.rel1.win32_1.1.0.202410251130/tools/bin/../lib/gcc/arm-none-eabi/12.3.1/../../../../arm-none-eabi/lib/thumb/v7e-m+fp/hard\libc_nano.a
END GROUP
START GROUP
LOAD C:/ST/STM32CubeIDE_1.14.0/STM32CubeIDE/plugins/com.st.stm32cube.ide.mcu.externaltools.gnu-tools-for-stm32.12.3.rel1.win32_1.1.0.202410251130/tools/bin/../lib/gcc/arm-none-eabi/12.3.1/thumb/v7e-m+fp/hard\libgcc.a
LOAD C:/ST/STM32CubeIDE_1.14.0/STM32CubeIDE/plugins/com.st.stm32cube.ide.mcu.externaltools.gnu-tools-for-stm32.12.3.rel1.win32_1.1.0.202410251130/tools/bin/../lib/gcc/arm-none-eabi/12.3.1/../../../../arm-none-eabi/lib/thumb/v7e-m+fp/hard\libc_nano.a
LOAD C:/ST/STM32CubeIDE_1.14.0/STM32CubeIDE/plugins/com.st.stm32cube.ide.mcu.externaltools.gnu-tools-for-stm32.12.3.rel1.win32_1.1.0.202410251130/tools/bin/../lib/gcc/arm-none-eabi/12.3.1/../../../../arm-none-eabi/lib/thumb/v7e-m+fp/hard\libnosys.a
END GROUP
START GROUP
LOAD C:/ST/STM32CubeIDE_1.14.0/STM32CubeIDE/plugins/com.st.stm32cube.ide.mcu.externaltools.gnu-tools-for-stm32.12.3.rel1.win32_1.1.0.202410251130/tools/bin/../lib/gcc/arm-none-eabi/12.3.1/thumb/v7e-m+fp/hard\libgcc.a
LOAD C:/ST/STM32CubeIDE_1.14.0/STM32CubeIDE/plugins/com.st.stm32cube.ide.mcu.externaltools.gnu-tools-for-stm32.12.3.rel1.win32_1.1.0.202410251130/tools/bin/../lib/gcc/arm-none-eabi/12.3.1/../../../../arm-none-eabi/lib/thumb/v7e-m+fp/hard\libc_nano.a
LOAD C:/ST/STM32CubeIDE_1.14.0/STM32CubeIDE/plugins/com.st.stm32cube.ide.mcu.externaltools.gnu-tools-for-stm32.12.3.rel1.win32_1.1.0.202410251130/tools/bin/../lib/gcc/arm-none-eabi/12.3.1/../../../../arm-none-eabi/lib/thumb/v7e-m+fp/hard\libnosys.a
END GROUP
LOAD C:/ST/STM32CubeIDE_1.14.0/STM32CubeIDE/plugins/com.st.stm32cube.ide.mcu.externaltools.gnu-tools-for-stm32.12.3.rel1.win32_1.1.0.202410251130/tools/bin/../lib/gcc/arm-none-eabi/12.3.1/thumb/v7e-m+fp/hard/crtend.o
LOAD C:/ST/STM32CubeIDE_1.14.0/STM32CubeIDE/plugins/com.st.stm32cube.ide.mcu.externaltools.gnu-tools-for-stm32.12.3.rel1.win32_1.1.0.202410251130/tools/bin/../lib/gcc/arm-none-eabi/12.3.1/thumb/v7e-m+fp/hard/crtn.o
                0x20020000                        _estack = (ORIGIN (RAM) + LENGTH (RAM))
                0x00000200                        _Min_Heap_Size = 0x200
                0x00000400                        _Min_Stack_Size = 0x400

.isr_vector     0x08000000      0x1d8
                0x08000000                        . = ALIGN (0x4)
 *(.isr_vector)
 .isr_vector    0x08000000      0x1d8 ./Application/User/Startup/startup_stm32g474retx.o
                0x08000000                g_pfnVectors
                0x080001d8                        . = ALIGN (0x4)

.text           0x080001d8      0x624
                0x080001d8                        . = ALIGN (0x4)
 *(.text)
 .text          0x080001d8       0x40 C:/ST/STM32CubeIDE_1.14.0/STM32CubeIDE/plugins/com.st.stm32cube.ide.mcu.externaltools.gnu-tools-for-stm32.12.3.rel1.win32_1.1.0.202410251130/tools/bin/../lib/gcc/arm-none-eabi/12.3.1/thumb/v7e-m+fp/hard/crtbegin.o
 *(.text*)
 .text.HAL_TIM_PeriodElapsedCallback
                0x08000218       0x1e ./Application/User/Core/main.o
                0x08000218                HAL_TIM_PeriodElapsedCallback
 *fill*         0x08000236        0x2 
 .text.LL_EXTI_IsActiveFlag_0_31
                0x08000238       0x2c ./Application/User/Core/stm32g4xx_it.o
 .text.LL_EXTI_ClearFlag_0_31
                0x08000264       0x20 ./Application/User/Core/stm32g4xx_it.o
 .text.NMI_Handler
                0x08000284        0x8 ./Application/User/Core/stm32g4xx_it.o
                0x08000284                NMI_Handler
 .text.HardFault_Handler
                0x0800028c        0x8 ./Application/User/Core/stm32g4xx_it.o
                0x0800028c                HardFault_Handler
 .text.MemManage_Handler
                0x08000294        0x8 ./Application/User/Core/stm32g4xx_it.o
                0x08000294                MemManage_Handler
 .text.BusFault_Handler
                0x0800029c        0x8 ./Application/User/Core/stm32g4xx_it.o
                0x0800029c                BusFault_Handler
 .text.UsageFault_Handler
                0x080002a4        0x8 ./Application/User/Core/stm32g4xx_it.o
                0x080002a4                UsageFault_Handler
 .text.SVC_Handler
                0x080002ac        0xe ./Application/User/Core/stm32g4xx_it.o
                0x080002ac                SVC_Handler
 .text.DebugMon_Handler
                0x080002ba        0xe ./Application/User/Core/stm32g4xx_it.o
                0x080002ba                DebugMon_Handler
 .text.PendSV_Handler
                0x080002c8        0xe ./Application/User/Core/stm32g4xx_it.o
                0x080002c8                PendSV_Handler
 .text.SysTick_Handler
                0x080002d6        0xe ./Application/User/Core/stm32g4xx_it.o
                0x080002d6                SysTick_Handler
 .text.DMA1_Channel1_IRQHandler
                0x080002e4        0xe ./Application/User/Core/stm32g4xx_it.o
                0x080002e4                DMA1_Channel1_IRQHandler
 *fill*         0x080002f2        0x2 
 .text.TIM2_IRQHandler
                0x080002f4       0x14 ./Application/User/Core/stm32g4xx_it.o
                0x080002f4                TIM2_IRQHandler
 .text.EXTI15_10_IRQHandler
                0x08000308       0x1e ./Application/User/Core/stm32g4xx_it.o
                0x08000308                EXTI15_10_IRQHandler
 *fill*         0x08000326        0x2 
 .text.Reset_Handler
                0x08000328       0x4c ./Application/User/Startup/startup_stm32g474retx.o
                0x08000328                Reset_Handler
 .text.Default_Handler
                0x08000374        0x2 ./Application/User/Startup/startup_stm32g474retx.o
                0x08000374                RTC_Alarm_IRQHandler
                0x08000374                EXTI2_IRQHandler
                0x08000374                TIM8_TRG_COM_IRQHandler
                0x08000374                TIM8_CC_IRQHandler
                0x08000374                HRTIM1_Master_IRQHandler
                0x08000374                SPI4_IRQHandler
                0x08000374                FDCAN3_IT0_IRQHandler
                0x08000374                TIM1_CC_IRQHandler
                0x08000374                HRTIM1_FLT_IRQHandler
                0x08000374                HRTIM1_TIMF_IRQHandler
                0x08000374                USB_HP_IRQHandler
                0x08000374                CORDIC_IRQHandler
                0x08000374                HRTIM1_TIMD_IRQHandler
                0x08000374                DMA2_Channel8_IRQHandler
                0x08000374                EXTI3_IRQHandler
                0x08000374                I2C3_ER_IRQHandler
                0x08000374                EXTI0_IRQHandler
                0x08000374                I2C2_EV_IRQHandler
                0x08000374                FPU_IRQHandler
                0x08000374                FDCAN1_IT1_IRQHandler
                0x08000374                TIM1_UP_TIM16_IRQHandler
                0x08000374                ADC1_2_IRQHandler
                0x08000374                HRTIM1_TIME_IRQHandler
                0x08000374                SPI1_IRQHandler
                0x08000374                TIM6_DAC_IRQHandler
                0x08000374                HRTIM1_TIMC_IRQHandler
                0x08000374                TIM8_UP_IRQHandler
                0x08000374                DMA2_Channel2_IRQHandler
                0x08000374                DMA1_Channel4_IRQHandler
                0x08000374                TIM20_TRG_COM_IRQHandler
                0x08000374                USART3_IRQHandler
                0x08000374                DMA1_Channel7_IRQHandler
                0x08000374                UART5_IRQHandler
                0x08000374                ADC3_IRQHandler
                0x08000374                TIM4_IRQHandler
                0x08000374                DMA2_Channel1_IRQHandler
                0x08000374                QUADSPI_IRQHandler
                0x08000374                I2C1_EV_IRQHandler
                0x08000374                DMA1_Channel6_IRQHandler
                0x08000374                UART4_IRQHandler
                0x08000374                DMA2_Channel4_IRQHandler
                0x08000374                TIM3_IRQHandler
                0x08000374                RCC_IRQHandler
                0x08000374                TIM20_UP_IRQHandler
                0x08000374                Default_Handler
                0x08000374                DMA2_Channel7_IRQHandler
                0x08000374                RTC_TAMP_LSECSS_IRQHandler
                0x08000374                FMAC_IRQHandler
                0x08000374                DMA1_Channel8_IRQHandler
                0x08000374                HRTIM1_TIMA_IRQHandler
                0x08000374                TIM7_DAC_IRQHandler
                0x08000374                FDCAN3_IT1_IRQHandler
                0x08000374                TIM5_IRQHandler
                0x08000374                UCPD1_IRQHandler
                0x08000374                I2C3_EV_IRQHandler
                0x08000374                EXTI9_5_IRQHandler
                0x08000374                RTC_WKUP_IRQHandler
                0x08000374                PVD_PVM_IRQHandler
                0x08000374                SPI2_IRQHandler
                0x08000374                ADC5_IRQHandler
                0x08000374                DMA2_Channel5_IRQHandler
                0x08000374                CRS_IRQHandler
                0x08000374                DMA1_Channel5_IRQHandler
                0x08000374                USB_LP_IRQHandler
                0x08000374                EXTI4_IRQHandler
                0x08000374                RNG_IRQHandler
                0x08000374                HRTIM1_TIMB_IRQHandler
                0x08000374                TIM1_TRG_COM_TIM17_IRQHandler
                0x08000374                FDCAN2_IT1_IRQHandler
                0x08000374                DMA1_Channel3_IRQHandler
                0x08000374                ADC4_IRQHandler
                0x08000374                WWDG_IRQHandler
                0x08000374                I2C4_EV_IRQHandler
                0x08000374                FDCAN2_IT0_IRQHandler
                0x08000374                LPUART1_IRQHandler
                0x08000374                DMA2_Channel6_IRQHandler
                0x08000374                FDCAN1_IT0_IRQHandler
                0x08000374                COMP7_IRQHandler
                0x08000374                COMP1_2_3_IRQHandler
                0x08000374                EXTI1_IRQHandler
                0x08000374                USART2_IRQHandler
                0x08000374                COMP4_5_6_IRQHandler
                0x08000374                TIM20_BRK_IRQHandler
                0x08000374                I2C2_ER_IRQHandler
                0x08000374                DMA1_Channel2_IRQHandler
                0x08000374                TIM8_BRK_IRQHandler
                0x08000374                FLASH_IRQHandler
                0x08000374                TIM20_CC_IRQHandler
                0x08000374                USART1_IRQHandler
                0x08000374                SPI3_IRQHandler
                0x08000374                I2C1_ER_IRQHandler
                0x08000374                FMC_IRQHandler
                0x08000374                LPTIM1_IRQHandler
                0x08000374                DMAMUX_OVR_IRQHandler
                0x08000374                I2C4_ER_IRQHandler
                0x08000374                USBWakeUp_IRQHandler
                0x08000374                SAI1_IRQHandler
                0x08000374                DMA2_Channel3_IRQHandler
                0x08000374                TIM1_BRK_TIM15_IRQHandler
 *fill*         0x08000376        0x2 
 .text.SystemInit
                0x08000378       0x24 ./Drivers/CMSIS/system_stm32g4xx.o
                0x08000378                SystemInit
 .text.HAL_IncTick
                0x0800039c       0x24 ./Drivers/STM32G4xx_HAL_Driver/stm32g4xx_hal.o
                0x0800039c                HAL_IncTick
 .text.HAL_TIM_IRQHandler
                0x080003c0      0x2fe ./Drivers/STM32G4xx_HAL_Driver/stm32g4xx_hal_tim.o
                0x080003c0                HAL_TIM_IRQHandler
 .text.HAL_TIM_OC_DelayElapsedCallback
                0x080006be       0x14 ./Drivers/STM32G4xx_HAL_Driver/stm32g4xx_hal_tim.o
                0x080006be                HAL_TIM_OC_DelayElapsedCallback
 .text.HAL_TIM_IC_CaptureCallback
                0x080006d2       0x14 ./Drivers/STM32G4xx_HAL_Driver/stm32g4xx_hal_tim.o
                0x080006d2                HAL_TIM_IC_CaptureCallback
 .text.HAL_TIM_PWM_PulseFinishedCallback
                0x080006e6       0x14 ./Drivers/STM32G4xx_HAL_Driver/stm32g4xx_hal_tim.o
                0x080006e6                HAL_TIM_PWM_PulseFinishedCallback
 .text.HAL_TIM_TriggerCallback
                0x080006fa       0x14 ./Drivers/STM32G4xx_HAL_Driver/stm32g4xx_hal_tim.o
                0x080006fa                HAL_TIM_TriggerCallback
 .text.HAL_TIMEx_CommutCallback
                0x0800070e       0x14 ./Drivers/STM32G4xx_HAL_Driver/stm32g4xx_hal_tim_ex.o
                0x0800070e                HAL_TIMEx_CommutCallback
 .text.HAL_TIMEx_BreakCallback
                0x08000722       0x14 ./Drivers/STM32G4xx_HAL_Driver/stm32g4xx_hal_tim_ex.o
                0x08000722                HAL_TIMEx_BreakCallback
 .text.HAL_TIMEx_Break2Callback
                0x08000736       0x14 ./Drivers/STM32G4xx_HAL_Driver/stm32g4xx_hal_tim_ex.o
                0x08000736                HAL_TIMEx_Break2Callback
 .text.HAL_TIMEx_EncoderIndexCallback
                0x0800074a       0x14 ./Drivers/STM32G4xx_HAL_Driver/stm32g4xx_hal_tim_ex.o
                0x0800074a                HAL_TIMEx_EncoderIndexCallback
 .text.HAL_TIMEx_DirectionChangeCallback
                0x0800075e       0x14 ./Drivers/STM32G4xx_HAL_Driver/stm32g4xx_hal_tim_ex.o
                0x0800075e                HAL_TIMEx_DirectionChangeCallback
 .text.HAL_TIMEx_IndexErrorCallback
                0x08000772       0x14 ./Drivers/STM32G4xx_HAL_Driver/stm32g4xx_hal_tim_ex.o
                0x08000772                HAL_TIMEx_IndexErrorCallback
 .text.HAL_TIMEx_TransitionErrorCallback
                0x08000786       0x14 ./Drivers/STM32G4xx_HAL_Driver/stm32g4xx_hal_tim_ex.o
                0x08000786                HAL_TIMEx_TransitionErrorCallback
 *fill*         0x0800079a        0x2 
 .text.__libc_init_array
                0x0800079c       0x48 C:/ST/STM32CubeIDE_1.14.0/STM32CubeIDE/plugins/com.st.stm32cube.ide.mcu.externaltools.gnu-tools-for-stm32.12.3.rel1.win32_1.1.0.202410251130/tools/bin/../lib/gcc/arm-none-eabi/12.3.1/../../../../arm-none-eabi/lib/thumb/v7e-m+fp/hard\libc_nano.a(libc_a-init.o)
                0x0800079c                __libc_init_array
 *(.glue_7)
 .glue_7        0x080007e4        0x0 linker stubs
 *(.glue_7t)
 .glue_7t       0x080007e4        0x0 linker stubs
 *(.eh_frame)
 .eh_frame      0x080007e4        0x0 C:/ST/STM32CubeIDE_1.14.0/STM32CubeIDE/plugins/com.st.stm32cube.ide.mcu.externaltools.gnu-tools-for-stm32.12.3.rel1.win32_1.1.0.202410251130/tools/bin/../lib/gcc/arm-none-eabi/12.3.1/thumb/v7e-m+fp/hard/crtbegin.o
 *(.init)
 .init          0x080007e4        0x4 C:/ST/STM32CubeIDE_1.14.0/STM32CubeIDE/plugins/com.st.stm32cube.ide.mcu.externaltools.gnu-tools-for-stm32.12.3.rel1.win32_1.1.0.202410251130/tools/bin/../lib/gcc/arm-none-eabi/12.3.1/thumb/v7e-m+fp/hard/crti.o
                0x080007e4                _init
 .init          0x080007e8        0x8 C:/ST/STM32CubeIDE_1.14.0/STM32CubeIDE/plugins/com.st.stm32cube.ide.mcu.externaltools.gnu-tools-for-stm32.12.3.rel1.win32_1.1.0.202410251130/tools/bin/../lib/gcc/arm-none-eabi/12.3.1/thumb/v7e-m+fp/hard/crtn.o
 *(.fini)
 .fini          0x080007f0        0x4 C:/ST/STM32CubeIDE_1.14.0/STM32CubeIDE/plugins/com.st.stm32cube.ide.mcu.externaltools.gnu-tools-for-stm32.12.3.rel1.win32_1.1.0.202410251130/tools/bin/../lib/gcc/arm-none-eabi/12.3.1/thumb/v7e-m+fp/hard/crti.o
                0x080007f0                _fini
 .fini          0x080007f4        0x8 C:/ST/STM32CubeIDE_1.14.0/STM32CubeIDE/plugins/com.st.stm32cube.ide.mcu.externaltools.gnu-tools-for-stm32.12.3.rel1.win32_1.1.0.202410251130/tools/bin/../lib/gcc/arm-none-eabi/12.3.1/thumb/v7e-m+fp/hard/crtn.o
                0x080007fc                        . = ALIGN (0x4)
                0x080007fc                        _etext = .

.vfp11_veneer   0x080007fc        0x0
 .vfp11_veneer  0x080007fc        0x0 linker stubs

.v4_bx          0x080007fc        0x0
 .v4_bx         0x080007fc        0x0 linker stubs

.iplt           0x080007fc        0x0
 .iplt          0x080007fc        0x0 C:/ST/STM32CubeIDE_1.14.0/STM32CubeIDE/plugins/com.st.stm32cube.ide.mcu.externaltools.gnu-tools-for-stm32.12.3.rel1.win32_1.1.0.202410251130/tools/bin/../lib/gcc/arm-none-eabi/12.3.1/thumb/v7e-m+fp/hard/crtbegin.o

.rel.dyn        0x080007fc        0x0
 .rel.iplt      0x080007fc        0x0 C:/ST/STM32CubeIDE_1.14.0/STM32CubeIDE/plugins/com.st.stm32cube.ide.mcu.externaltools.gnu-tools-for-stm32.12.3.rel1.win32_1.1.0.202410251130/tools/bin/../lib/gcc/arm-none-eabi/12.3.1/thumb/v7e-m+fp/hard/crtbegin.o

.rodata         0x080007fc        0x0
                0x080007fc                        . = ALIGN (0x4)
 *(.rodata)
 *(.rodata*)
                0x080007fc                        . = ALIGN (0x4)

.ARM.extab      0x080007fc        0x0
                0x080007fc                        . = ALIGN (0x4)
 *(.ARM.extab* .gnu.linkonce.armextab.*)
                0x080007fc                        . = ALIGN (0x4)

.ARM            0x080007fc        0x0
                0x080007fc                        . = ALIGN (0x4)
                0x080007fc                        __exidx_start = .
 *(.ARM.exidx*)
                0x080007fc                        __exidx_end = .
                0x080007fc                        . = ALIGN (0x4)

.preinit_array  0x080007fc        0x0
                0x080007fc                        . = ALIGN (0x4)
                0x080007fc                        PROVIDE (__preinit_array_start = .)
 *(.preinit_array*)
                0x080007fc                        PROVIDE (__preinit_array_end = .)
                0x080007fc                        . = ALIGN (0x4)

.init_array     0x080007fc        0x4
                0x080007fc                        . = ALIGN (0x4)
                0x080007fc                        PROVIDE (__init_array_start = .)
 *(SORT_BY_NAME(.init_array.*))
 *(.init_array*)
 .init_array    0x080007fc        0x4 C:/ST/STM32CubeIDE_1.14.0/STM32CubeIDE/plugins/com.st.stm32cube.ide.mcu.externaltools.gnu-tools-for-stm32.12.3.rel1.win32_1.1.0.202410251130/tools/bin/../lib/gcc/arm-none-eabi/12.3.1/thumb/v7e-m+fp/hard/crtbegin.o
                0x08000800                        PROVIDE (__init_array_end = .)
                0x08000800                        . = ALIGN (0x4)

.fini_array     0x08000800        0x4
                0x08000800                        . = ALIGN (0x4)
                [!provide]                        PROVIDE (__fini_array_start = .)
 *(SORT_BY_NAME(.fini_array.*))
 *(.fini_array*)
 .fini_array    0x08000800        0x4 C:/ST/STM32CubeIDE_1.14.0/STM32CubeIDE/plugins/com.st.stm32cube.ide.mcu.externaltools.gnu-tools-for-stm32.12.3.rel1.win32_1.1.0.202410251130/tools/bin/../lib/gcc/arm-none-eabi/12.3.1/thumb/v7e-m+fp/hard/crtbegin.o
                [!provide]                        PROVIDE (__fini_array_end = .)
                0x08000804                        . = ALIGN (0x4)
                0x08000804                        _sidata = LOADADDR (.data)

.data           0x20000000        0x4 load address 0x08000804
                0x20000000                        . = ALIGN (0x4)
                0x20000000                        _sdata = .
 *(.data)
 *(.data*)
 .data.uwTickFreq
                0x20000000        0x4 ./Drivers/STM32G4xx_HAL_Driver/stm32g4xx_hal.o
                0x20000000                uwTickFreq
 *(.RamFunc)
 *(.RamFunc*)
                0x20000004                        . = ALIGN (0x4)
                0x20000004                        _edata = .

.igot.plt       0x20000004        0x0 load address 0x08000808
 .igot.plt      0x20000004        0x0 C:/ST/STM32CubeIDE_1.14.0/STM32CubeIDE/plugins/com.st.stm32cube.ide.mcu.externaltools.gnu-tools-for-stm32.12.3.rel1.win32_1.1.0.202410251130/tools/bin/../lib/gcc/arm-none-eabi/12.3.1/thumb/v7e-m+fp/hard/crtbegin.o
                0x20000004                        . = ALIGN (0x4)

.bss            0x20000004       0x6c load address 0x08000808
                0x20000004                        _sbss = .
                0x20000004                        __bss_start__ = _sbss
 *(.bss)
 .bss           0x20000004       0x1c C:/ST/STM32CubeIDE_1.14.0/STM32CubeIDE/plugins/com.st.stm32cube.ide.mcu.externaltools.gnu-tools-for-stm32.12.3.rel1.win32_1.1.0.202410251130/tools/bin/../lib/gcc/arm-none-eabi/12.3.1/thumb/v7e-m+fp/hard/crtbegin.o
 *(.bss*)
 .bss.htim2     0x20000020       0x4c ./Application/User/Core/stm32g4xx_hal_timebase_tim.o
                0x20000020                htim2
 .bss.uwTick    0x2000006c        0x4 ./Drivers/STM32G4xx_HAL_Driver/stm32g4xx_hal.o
                0x2000006c                uwTick
 *(COMMON)
                0x20000070                        . = ALIGN (0x4)
                0x20000070                        _ebss = .
                0x20000070                        __bss_end__ = _ebss

._user_heap_stack
                0x20000070      0x600 load address 0x08000808
                0x20000070                        . = ALIGN (0x8)
                [!provide]                        PROVIDE (end = .)
                0x20000070                        PROVIDE (_end = .)
                0x20000270                        . = (. + _Min_Heap_Size)
 *fill*         0x20000070      0x200 
                0x20000670                        . = (. + _Min_Stack_Size)
 *fill*         0x20000270      0x400 
                0x20000670                        . = ALIGN (0x8)

/DISCARD/
 libc.a(*)
 libm.a(*)
 libgcc.a(*)

.ARM.attributes
                0x00000000       0x30
 *(.ARM.attributes)
 .ARM.attributes
                0x00000000       0x22 C:/ST/STM32CubeIDE_1.14.0/STM32CubeIDE/plugins/com.st.stm32cube.ide.mcu.externaltools.gnu-tools-for-stm32.12.3.rel1.win32_1.1.0.202410251130/tools/bin/../lib/gcc/arm-none-eabi/12.3.1/thumb/v7e-m+fp/hard/crti.o
 .ARM.attributes
                0x00000022       0x34 C:/ST/STM32CubeIDE_1.14.0/STM32CubeIDE/plugins/com.st.stm32cube.ide.mcu.externaltools.gnu-tools-for-stm32.12.3.rel1.win32_1.1.0.202410251130/tools/bin/../lib/gcc/arm-none-eabi/12.3.1/thumb/v7e-m+fp/hard/crtbegin.o
 .ARM.attributes
                0x00000056       0x34 ./Application/User/Core/main.o
 .ARM.attributes
                0x0000008a       0x34 ./Application/User/Core/stm32g4xx_hal_timebase_tim.o
 .ARM.attributes
                0x000000be       0x34 ./Application/User/Core/stm32g4xx_it.o
 .ARM.attributes
                0x000000f2       0x21 ./Application/User/Startup/startup_stm32g474retx.o
 .ARM.attributes
                0x00000113       0x34 ./Drivers/CMSIS/system_stm32g4xx.o
 .ARM.attributes
                0x00000147       0x34 ./Drivers/STM32G4xx_HAL_Driver/stm32g4xx_hal.o
 .ARM.attributes
                0x0000017b       0x34 ./Drivers/STM32G4xx_HAL_Driver/stm32g4xx_hal_tim.o
 .ARM.attributes
                0x000001af       0x34 ./Drivers/STM32G4xx_HAL_Driver/stm32g4xx_hal_tim_ex.o
 .ARM.attributes
                0x000001e3       0x34 C:/ST/STM32CubeIDE_1.14.0/STM32CubeIDE/plugins/com.st.stm32cube.ide.mcu.externaltools.gnu-tools-for-stm32.12.3.rel1.win32_1.1.0.202410251130/tools/bin/../lib/gcc/arm-none-eabi/12.3.1/../../../../arm-none-eabi/lib/thumb/v7e-m+fp/hard\libc_nano.a(libc_a-init.o)
 .ARM.attributes
                0x00000217       0x22 C:/ST/STM32CubeIDE_1.14.0/STM32CubeIDE/plugins/com.st.stm32cube.ide.mcu.externaltools.gnu-tools-for-stm32.12.3.rel1.win32_1.1.0.202410251130/tools/bin/../lib/gcc/arm-none-eabi/12.3.1/thumb/v7e-m+fp/hard/crtn.o
OUTPUT(VibrationMotor.elf elf32-littlearm)
LOAD linker stubs
LOAD C:/ST/STM32CubeIDE_1.14.0/STM32CubeIDE/plugins/com.st.stm32cube.ide.mcu.externaltools.gnu-tools-for-stm32.12.3.rel1.win32_1.1.0.202410251130/tools/bin/../lib/gcc/arm-none-eabi/12.3.1/../../../../arm-none-eabi/lib/thumb/v7e-m+fp/hard\libc.a
LOAD C:/ST/STM32CubeIDE_1.14.0/STM32CubeIDE/plugins/com.st.stm32cube.ide.mcu.externaltools.gnu-tools-for-stm32.12.3.rel1.win32_1.1.0.202410251130/tools/bin/../lib/gcc/arm-none-eabi/12.3.1/../../../../arm-none-eabi/lib/thumb/v7e-m+fp/hard\libm.a
LOAD C:/ST/STM32CubeIDE_1.14.0/STM32CubeIDE/plugins/com.st.stm32cube.ide.mcu.externaltools.gnu-tools-for-stm32.12.3.rel1.win32_1.1.0.202410251130/tools/bin/../lib/gcc/arm-none-eabi/12.3.1/thumb/v7e-m+fp/hard\libgcc.a

.debug_info     0x00000000     0x9e4d
 .debug_info    0x00000000     0x2b1b ./Application/User/Core/main.o
 .debug_info    0x00002b1b      0xe78 ./Application/User/Core/stm32g4xx_hal_timebase_tim.o
 .debug_info    0x00003993      0xa56 ./Application/User/Core/stm32g4xx_it.o
 .debug_info    0x000043e9       0x23 ./Application/User/Startup/startup_stm32g474retx.o
 .debug_info    0x0000440c      0x58e ./Drivers/CMSIS/system_stm32g4xx.o
 .debug_info    0x0000499a      0xb53 ./Drivers/STM32G4xx_HAL_Driver/stm32g4xx_hal.o
 .debug_info    0x000054ed     0x2bfd ./Drivers/STM32G4xx_HAL_Driver/stm32g4xx_hal_tim.o
 .debug_info    0x000080ea     0x1d63 ./Drivers/STM32G4xx_HAL_Driver/stm32g4xx_hal_tim_ex.o

.debug_abbrev   0x00000000     0x1108
 .debug_abbrev  0x00000000      0x3d6 ./Application/User/Core/main.o
 .debug_abbrev  0x000003d6      0x223 ./Application/User/Core/stm32g4xx_hal_timebase_tim.o
 .debug_abbrev  0x000005f9      0x214 ./Application/User/Core/stm32g4xx_it.o
 .debug_abbrev  0x0000080d       0x12 ./Application/User/Startup/startup_stm32g474retx.o
 .debug_abbrev  0x0000081f      0x11a ./Drivers/CMSIS/system_stm32g4xx.o
 .debug_abbrev  0x00000939      0x271 ./Drivers/STM32G4xx_HAL_Driver/stm32g4xx_hal.o
 .debug_abbrev  0x00000baa      0x2a0 ./Drivers/STM32G4xx_HAL_Driver/stm32g4xx_hal_tim.o
 .debug_abbrev  0x00000e4a      0x2be ./Drivers/STM32G4xx_HAL_Driver/stm32g4xx_hal_tim_ex.o

.debug_aranges  0x00000000      0xa30
 .debug_aranges
                0x00000000      0x1d8 ./Application/User/Core/main.o
 .debug_aranges
                0x000001d8       0x30 ./Application/User/Core/stm32g4xx_hal_timebase_tim.o
 .debug_aranges
                0x00000208       0x88 ./Application/User/Core/stm32g4xx_it.o
 .debug_aranges
                0x00000290       0x28 ./Application/User/Startup/startup_stm32g474retx.o
 .debug_aranges
                0x000002b8       0x28 ./Drivers/CMSIS/system_stm32g4xx.o
 .debug_aranges
                0x000002e0      0x130 ./Drivers/STM32G4xx_HAL_Driver/stm32g4xx_hal.o
 .debug_aranges
                0x00000410      0x3e0 ./Drivers/STM32G4xx_HAL_Driver/stm32g4xx_hal_tim.o
 .debug_aranges
                0x000007f0      0x240 ./Drivers/STM32G4xx_HAL_Driver/stm32g4xx_hal_tim_ex.o

.debug_rnglists
                0x00000000      0x7e7
 .debug_rnglists
                0x00000000      0x161 ./Application/User/Core/main.o
 .debug_rnglists
                0x00000161       0x20 ./Application/User/Core/stm32g4xx_hal_timebase_tim.o
 .debug_rnglists
                0x00000181       0x61 ./Application/User/Core/stm32g4xx_it.o
 .debug_rnglists
                0x000001e2       0x19 ./Application/User/Startup/startup_stm32g474retx.o
 .debug_rnglists
                0x000001fb       0x1a ./Drivers/CMSIS/system_stm32g4xx.o
 .debug_rnglists
                0x00000215       0xdf ./Drivers/STM32G4xx_HAL_Driver/stm32g4xx_hal.o
 .debug_rnglists
                0x000002f4      0x328 ./Drivers/STM32G4xx_HAL_Driver/stm32g4xx_hal_tim.o
 .debug_rnglists
                0x0000061c      0x1cb ./Drivers/STM32G4xx_HAL_Driver/stm32g4xx_hal_tim_ex.o

.debug_macro    0x00000000    0x2731e
 .debug_macro   0x00000000      0x244 ./Application/User/Core/main.o
 .debug_macro   0x00000244      0xaba ./Application/User/Core/main.o
 .debug_macro   0x00000cfe      0x155 ./Application/User/Core/main.o
 .debug_macro   0x00000e53       0x2e ./Application/User/Core/main.o
 .debug_macro   0x00000e81       0x28 ./Application/User/Core/main.o
 .debug_macro   0x00000ea9       0x22 ./Application/User/Core/main.o
 .debug_macro   0x00000ecb       0x8e ./Application/User/Core/main.o
 .debug_macro   0x00000f59       0x51 ./Application/User/Core/main.o
 .debug_macro   0x00000faa      0x103 ./Application/User/Core/main.o
 .debug_macro   0x000010ad       0x6a ./Application/User/Core/main.o
 .debug_macro   0x00001117      0x1df ./Application/User/Core/main.o
 .debug_macro   0x000012f6       0x1c ./Application/User/Core/main.o
 .debug_macro   0x00001312       0x22 ./Application/User/Core/main.o
 .debug_macro   0x00001334       0xfb ./Application/User/Core/main.o
 .debug_macro   0x0000142f     0x1011 ./Application/User/Core/main.o
 .debug_macro   0x00002440      0x11f ./Application/User/Core/main.o
 .debug_macro   0x0000255f    0x18b93 ./Application/User/Core/main.o
 .debug_macro   0x0001b0f2       0x6d ./Application/User/Core/main.o
 .debug_macro   0x0001b15f     0x3554 ./Application/User/Core/main.o
 .debug_macro   0x0001e6b3      0x189 ./Application/User/Core/main.o
 .debug_macro   0x0001e83c       0x5c ./Application/User/Core/main.o
 .debug_macro   0x0001e898     0x171f ./Application/User/Core/main.o
 .debug_macro   0x0001ffb7      0x600 ./Application/User/Core/main.o
 .debug_macro   0x000205b7      0x1b6 ./Application/User/Core/main.o
 .debug_macro   0x0002076d      0x34a ./Application/User/Core/main.o
 .debug_macro   0x00020ab7      0x53c ./Application/User/Core/main.o
 .debug_macro   0x00020ff3      0x18b ./Application/User/Core/main.o
 .debug_macro   0x0002117e       0x43 ./Application/User/Core/main.o
 .debug_macro   0x000211c1      0x23d ./Application/User/Core/main.o
 .debug_macro   0x000213fe      0x211 ./Application/User/Core/main.o
 .debug_macro   0x0002160f      0x45c ./Application/User/Core/main.o
 .debug_macro   0x00021a6b      0x11c ./Application/User/Core/main.o
 .debug_macro   0x00021b87      0x122 ./Application/User/Core/main.o
 .debug_macro   0x00021ca9      0x3d1 ./Application/User/Core/main.o
 .debug_macro   0x0002207a      0xbef ./Application/User/Core/main.o
 .debug_macro   0x00022c69      0x718 ./Application/User/Core/main.o
 .debug_macro   0x00023381      0x358 ./Application/User/Core/main.o
 .debug_macro   0x000236d9     0x10fd ./Application/User/Core/main.o
 .debug_macro   0x000247d6      0x63e ./Application/User/Core/main.o
 .debug_macro   0x00024e14      0x2cc ./Application/User/Core/main.o
 .debug_macro   0x000250e0      0x317 ./Application/User/Core/main.o
 .debug_macro   0x000253f7      0x652 ./Application/User/Core/main.o
 .debug_macro   0x00025a49      0x1d0 ./Application/User/Core/main.o
 .debug_macro   0x00025c19       0xd0 ./Application/User/Core/main.o
 .debug_macro   0x00025ce9      0x34f ./Application/User/Core/main.o
 .debug_macro   0x00026038      0x178 ./Application/User/Core/main.o
 .debug_macro   0x000261b0      0x1a6 ./Application/User/Core/main.o
 .debug_macro   0x00026356       0x84 ./Application/User/Core/main.o
 .debug_macro   0x000263da      0x231 ./Application/User/Core/main.o
 .debug_macro   0x0002660b      0x169 ./Application/User/Core/main.o
 .debug_macro   0x00026774       0x5e ./Application/User/Core/main.o
 .debug_macro   0x000267d2      0x1ba ./Application/User/Core/stm32g4xx_hal_timebase_tim.o
 .debug_macro   0x0002698c      0x24e ./Application/User/Core/stm32g4xx_it.o
 .debug_macro   0x00026bda      0x1ba ./Drivers/CMSIS/system_stm32g4xx.o
 .debug_macro   0x00026d94      0x208 ./Drivers/STM32G4xx_HAL_Driver/stm32g4xx_hal.o
 .debug_macro   0x00026f9c      0x1c2 ./Drivers/STM32G4xx_HAL_Driver/stm32g4xx_hal_tim.o
 .debug_macro   0x0002715e      0x1c0 ./Drivers/STM32G4xx_HAL_Driver/stm32g4xx_hal_tim_ex.o

.debug_line     0x00000000     0x98e9
 .debug_line    0x00000000     0x121f ./Application/User/Core/main.o
 .debug_line    0x0000121f      0x7dd ./Application/User/Core/stm32g4xx_hal_timebase_tim.o
 .debug_line    0x000019fc      0x9ef ./Application/User/Core/stm32g4xx_it.o
 .debug_line    0x000023eb       0x79 ./Application/User/Startup/startup_stm32g474retx.o
 .debug_line    0x00002464      0x7e0 ./Drivers/CMSIS/system_stm32g4xx.o
 .debug_line    0x00002c44      0xb54 ./Drivers/STM32G4xx_HAL_Driver/stm32g4xx_hal.o
 .debug_line    0x00003798     0x3fa9 ./Drivers/STM32G4xx_HAL_Driver/stm32g4xx_hal_tim.o
 .debug_line    0x00007741     0x21a8 ./Drivers/STM32G4xx_HAL_Driver/stm32g4xx_hal_tim_ex.o

.debug_str      0x00000000   0x10adab
 .debug_str     0x00000000   0x108a25 ./Application/User/Core/main.o
                             0x109aef (size before relaxing)
 .debug_str     0x00108a25      0x1a5 ./Application/User/Core/stm32g4xx_hal_timebase_tim.o
                              0xee42b (size before relaxing)
 .debug_str     0x00108bca      0x1c5 ./Application/User/Core/stm32g4xx_it.o
                             0x10875c (size before relaxing)
 .debug_str     0x00108d8f       0x42 ./Application/User/Startup/startup_stm32g474retx.o
                                 0x8e (size before relaxing)
 .debug_str     0x00108dd1       0xad ./Drivers/CMSIS/system_stm32g4xx.o
                              0xed727 (size before relaxing)
 .debug_str     0x00108e7e      0x5a4 ./Drivers/STM32G4xx_HAL_Driver/stm32g4xx_hal.o
                              0xee412 (size before relaxing)
 .debug_str     0x00109422      0xfce ./Drivers/STM32G4xx_HAL_Driver/stm32g4xx_hal_tim.o
                              0xeec15 (size before relaxing)
 .debug_str     0x0010a3f0      0x9bb ./Drivers/STM32G4xx_HAL_Driver/stm32g4xx_hal_tim_ex.o
                              0xee899 (size before relaxing)

.comment        0x00000000       0x43
 .comment       0x00000000       0x43 ./Application/User/Core/main.o
                                 0x44 (size before relaxing)
 .comment       0x00000043       0x44 ./Application/User/Core/stm32g4xx_hal_timebase_tim.o
 .comment       0x00000043       0x44 ./Application/User/Core/stm32g4xx_it.o
 .comment       0x00000043       0x44 ./Drivers/CMSIS/system_stm32g4xx.o
 .comment       0x00000043       0x44 ./Drivers/STM32G4xx_HAL_Driver/stm32g4xx_hal.o
 .comment       0x00000043       0x44 ./Drivers/STM32G4xx_HAL_Driver/stm32g4xx_hal_tim.o
 .comment       0x00000043       0x44 ./Drivers/STM32G4xx_HAL_Driver/stm32g4xx_hal_tim_ex.o

.debug_frame    0x00000000     0x2c28
 .debug_frame   0x00000000      0x850 ./Application/User/Core/main.o
 .debug_frame   0x00000850       0x74 ./Application/User/Core/stm32g4xx_hal_timebase_tim.o
 .debug_frame   0x000008c4      0x1b0 ./Application/User/Core/stm32g4xx_it.o
 .debug_frame   0x00000a74       0x58 ./Drivers/CMSIS/system_stm32g4xx.o
 .debug_frame   0x00000acc      0x4a0 ./Drivers/STM32G4xx_HAL_Driver/stm32g4xx_hal.o
 .debug_frame   0x00000f6c     0x1220 ./Drivers/STM32G4xx_HAL_Driver/stm32g4xx_hal_tim.o
 .debug_frame   0x0000218c      0xa70 ./Drivers/STM32G4xx_HAL_Driver/stm32g4xx_hal_tim_ex.o
 .debug_frame   0x00002bfc       0x2c C:/ST/STM32CubeIDE_1.14.0/STM32CubeIDE/plugins/com.st.stm32cube.ide.mcu.externaltools.gnu-tools-for-stm32.12.3.rel1.win32_1.1.0.202410251130/tools/bin/../lib/gcc/arm-none-eabi/12.3.1/../../../../arm-none-eabi/lib/thumb/v7e-m+fp/hard\libc_nano.a(libc_a-init.o)

.debug_line_str
                0x00000000       0x80
 .debug_line_str
                0x00000000       0x80 ./Application/User/Startup/startup_stm32g474retx.o
